// Jest Snapshot v1, https://goo.gl/fbAQLP

exports[`renders 1`] = `
<div>
  <div>
    <h1>
      404 Not Found
    </h1>
    <p>
      <a
        href="/"
      >
        Back to home
      </a>
    </p>
  </div>
</div>
`;
